10-Nov-21 18:30:48 - 1231123
